Trace for Lift3
[Time Stamp]:02:53:03, Jan-09-2026
[Location]:./l3_dyn.cyclone
[States]:9 
D L0 L1 L2 MoveDown MoveUp SetIdle SetMotionDown SetMotionUp 
[Trans]:17
[Start State]:D
[Final State(s)]:D 
[Trace Length]:16

[Goal]:
assert ((&& (&& (&& (&& (&& (&& (&& (&& (== initial(f),1)->bool,(== initial(m),U)->bool)->bool,(! initial(l_c_0))->bool)->bool,(! initial(l_c_1))->bool)->bool,(! initial(l_c_2))->bool)->bool,initial(l_u_0))->bool,(! initial(l_u_1))->bool)->bool,(! initial(l_d_1))->bool)->bool,(! initial(l_d_2))->bool)->bool)
[Reach State(s)]:MoveDown D SetMotionDown L0 MoveUp SetIdle L2 SetMotionUp L1 
[Mode]:Standard  - [16]



[1].@D
a_c_0:false
a_c_1:false
a_c_2:false
a_d_1:false
a_d_2:false
a_u_0:true
a_u_1:false
f:1
f_sw_d:1
f_sw_u:1
h_0:false
h_1:false
h_2:false
l_c_0:false
l_c_1:false
l_c_2:false
l_d_1:false
l_d_2:false
l_u_0:true
l_u_1:false
m:0
m_prev:0
r_c_0:false
r_c_1:false
r_c_2:false
r_d_1:false
r_d_2:false
r_u_0:false
r_u_1:false
s_c_0:false
s_c_1:false
s_c_2:false
s_d_1:false
s_d_2:false
s_u_0:true
s_u_1:false


[2].@SetMotionDown
a_c_0:false
a_c_1:false
a_c_2:false
a_d_1:false
a_d_2:false
a_u_0:true
a_u_1:false
f:1
f_sw_d:1
f_sw_u:1
h_0:false
h_1:false
h_2:false
l_c_0:false
l_c_1:false
l_c_2:false
l_d_1:false
l_d_2:false
l_u_0:true
l_u_1:false
m:1
m_prev:0
r_c_0:false
r_c_1:false
r_c_2:false
r_d_1:false
r_d_2:false
r_u_0:false
r_u_1:false
s_c_0:false
s_c_1:false
s_c_2:false
s_d_1:false
s_d_2:false
s_u_0:true
s_u_1:false


[3].@D
a_c_0:false
a_c_1:false
a_c_2:false
a_d_1:false
a_d_2:false
a_u_0:true
a_u_1:false
f:1
f_sw_d:1
f_sw_u:1
h_0:false
h_1:false
h_2:false
l_c_0:false
l_c_1:false
l_c_2:false
l_d_1:false
l_d_2:false
l_u_0:true
l_u_1:false
m:1
m_prev:0
r_c_0:false
r_c_1:false
r_c_2:false
r_d_1:false
r_d_2:false
r_u_0:false
r_u_1:false
s_c_0:false
s_c_1:false
s_c_2:false
s_d_1:false
s_d_2:false
s_u_0:true
s_u_1:false


[4].@MoveDown
a_c_0:false
a_c_1:false
a_c_2:false
a_d_1:false
a_d_2:false
a_u_0:true
a_u_1:false
f:0
f_sw_d:1
f_sw_u:1
h_0:false
h_1:false
h_2:false
l_c_0:false
l_c_1:false
l_c_2:false
l_d_1:false
l_d_2:false
l_u_0:true
l_u_1:false
m:1
m_prev:0
r_c_0:false
r_c_1:false
r_c_2:false
r_d_1:false
r_d_2:false
r_u_0:false
r_u_1:false
s_c_0:false
s_c_1:false
s_c_2:false
s_d_1:false
s_d_2:false
s_u_0:true
s_u_1:false


[5].@D
a_c_0:false
a_c_1:false
a_c_2:false
a_d_1:false
a_d_2:false
a_u_0:true
a_u_1:false
f:0
f_sw_d:1
f_sw_u:1
h_0:false
h_1:false
h_2:false
l_c_0:false
l_c_1:false
l_c_2:false
l_d_1:false
l_d_2:false
l_u_0:true
l_u_1:false
m:1
m_prev:0
r_c_0:false
r_c_1:false
r_c_2:false
r_d_1:false
r_d_2:false
r_u_0:false
r_u_1:false
s_c_0:false
s_c_1:false
s_c_2:false
s_d_1:false
s_d_2:false
s_u_0:true
s_u_1:false


[6].@SetMotionUp
a_c_0:false
a_c_1:false
a_c_2:false
a_d_1:false
a_d_2:false
a_u_0:true
a_u_1:false
f:0
f_sw_d:1
f_sw_u:0
h_0:false
h_1:false
h_2:false
l_c_0:false
l_c_1:false
l_c_2:false
l_d_1:false
l_d_2:false
l_u_0:true
l_u_1:false
m:0
m_prev:1
r_c_0:false
r_c_1:false
r_c_2:false
r_d_1:false
r_d_2:false
r_u_0:false
r_u_1:false
s_c_0:false
s_c_1:false
s_c_2:false
s_d_1:false
s_d_2:false
s_u_0:true
s_u_1:false


[7].@D
a_c_0:true
a_c_1:false
a_c_2:false
a_d_1:false
a_d_2:false
a_u_0:true
a_u_1:false
f:0
f_sw_d:1
f_sw_u:0
h_0:false
h_1:false
h_2:false
l_c_0:true
l_c_1:false
l_c_2:false
l_d_1:false
l_d_2:false
l_u_0:true
l_u_1:false
m:0
m_prev:1
r_c_0:true
r_c_1:false
r_c_2:false
r_d_1:false
r_d_2:false
r_u_0:false
r_u_1:false
s_c_0:false
s_c_1:false
s_c_2:false
s_d_1:false
s_d_2:false
s_u_0:true
s_u_1:false


[8].@L0
a_c_0:true
a_c_1:false
a_c_2:false
a_d_1:false
a_d_2:false
a_u_0:true
a_u_1:false
f:0
f_sw_d:1
f_sw_u:0
h_0:true
h_1:false
h_2:false
l_c_0:false
l_c_1:false
l_c_2:false
l_d_1:false
l_d_2:false
l_u_0:false
l_u_1:false
m:0
m_prev:1
r_c_0:true
r_c_1:false
r_c_2:false
r_d_1:false
r_d_2:false
r_u_0:false
r_u_1:false
s_c_0:false
s_c_1:false
s_c_2:false
s_d_1:false
s_d_2:false
s_u_0:false
s_u_1:false


[9].@D
a_c_0:true
a_c_1:false
a_c_2:false
a_d_1:false
a_d_2:false
a_u_0:true
a_u_1:false
f:0
f_sw_d:1
f_sw_u:0
h_0:true
h_1:false
h_2:false
l_c_0:false
l_c_1:false
l_c_2:false
l_d_1:false
l_d_2:false
l_u_0:false
l_u_1:false
m:0
m_prev:1
r_c_0:false
r_c_1:false
r_c_2:false
r_d_1:false
r_d_2:false
r_u_0:false
r_u_1:false
s_c_0:false
s_c_1:false
s_c_2:false
s_d_1:false
s_d_2:false
s_u_0:false
s_u_1:false


[10].@SetIdle
a_c_0:true
a_c_1:false
a_c_2:false
a_d_1:false
a_d_2:false
a_u_0:true
a_u_1:false
f:0
f_sw_d:0
f_sw_u:0
h_0:true
h_1:false
h_2:false
l_c_0:false
l_c_1:false
l_c_2:false
l_d_1:false
l_d_2:false
l_u_0:false
l_u_1:false
m:2
m_prev:0
r_c_0:false
r_c_1:false
r_c_2:false
r_d_1:false
r_d_2:false
r_u_0:false
r_u_1:false
s_c_0:false
s_c_1:false
s_c_2:false
s_d_1:false
s_d_2:false
s_u_0:false
s_u_1:false


[11].@D
a_c_0:true
a_c_1:false
a_c_2:false
a_d_1:false
a_d_2:false
a_u_0:true
a_u_1:false
f:0
f_sw_d:0
f_sw_u:0
h_0:true
h_1:false
h_2:false
l_c_0:false
l_c_1:false
l_c_2:false
l_d_1:false
l_d_2:false
l_u_0:false
l_u_1:false
m:2
m_prev:0
r_c_0:false
r_c_1:false
r_c_2:false
r_d_1:false
r_d_2:false
r_u_0:false
r_u_1:false
s_c_0:false
s_c_1:false
s_c_2:false
s_d_1:false
s_d_2:false
s_u_0:false
s_u_1:false


[12].@D
a_c_0:true
a_c_1:false
a_c_2:false
a_d_1:false
a_d_2:false
a_u_0:true
a_u_1:false
f:0
f_sw_d:0
f_sw_u:0
h_0:true
h_1:false
h_2:false
l_c_0:false
l_c_1:false
l_c_2:false
l_d_1:false
l_d_2:false
l_u_0:false
l_u_1:false
m:2
m_prev:0
r_c_0:false
r_c_1:false
r_c_2:false
r_d_1:false
r_d_2:false
r_u_0:false
r_u_1:false
s_c_0:false
s_c_1:false
s_c_2:false
s_d_1:false
s_d_2:false
s_u_0:false
s_u_1:false


[13].@D
a_c_0:true
a_c_1:false
a_c_2:false
a_d_1:false
a_d_2:false
a_u_0:true
a_u_1:false
f:0
f_sw_d:0
f_sw_u:0
h_0:true
h_1:false
h_2:false
l_c_0:false
l_c_1:false
l_c_2:false
l_d_1:false
l_d_2:false
l_u_0:false
l_u_1:false
m:2
m_prev:0
r_c_0:false
r_c_1:false
r_c_2:false
r_d_1:false
r_d_2:false
r_u_0:false
r_u_1:false
s_c_0:false
s_c_1:false
s_c_2:false
s_d_1:false
s_d_2:false
s_u_0:false
s_u_1:false


[14].@D
a_c_0:true
a_c_1:false
a_c_2:true
a_d_1:true
a_d_2:true
a_u_0:true
a_u_1:false
f:0
f_sw_d:0
f_sw_u:0
h_0:true
h_1:false
h_2:false
l_c_0:false
l_c_1:false
l_c_2:true
l_d_1:true
l_d_2:true
l_u_0:true
l_u_1:false
m:2
m_prev:0
r_c_0:false
r_c_1:false
r_c_2:true
r_d_1:true
r_d_2:true
r_u_0:true
r_u_1:false
s_c_0:false
s_c_1:false
s_c_2:false
s_d_1:false
s_d_2:false
s_u_0:false
s_u_1:false


[15].@SetMotionUp
a_c_0:true
a_c_1:false
a_c_2:true
a_d_1:true
a_d_2:true
a_u_0:true
a_u_1:false
f:0
f_sw_d:0
f_sw_u:0
h_0:true
h_1:false
h_2:false
l_c_0:false
l_c_1:false
l_c_2:true
l_d_1:true
l_d_2:true
l_u_0:true
l_u_1:false
m:0
m_prev:2
r_c_0:false
r_c_1:false
r_c_2:true
r_d_1:true
r_d_2:true
r_u_0:true
r_u_1:false
s_c_0:false
s_c_1:false
s_c_2:true
s_d_1:true
s_d_2:true
s_u_0:true
s_u_1:false


[16].@D
a_c_0:true
a_c_1:true
a_c_2:true
a_d_1:true
a_d_2:true
a_u_0:true
a_u_1:false
f:0
f_sw_d:0
f_sw_u:0
h_0:true
h_1:false
h_2:false
l_c_0:true
l_c_1:true
l_c_2:true
l_d_1:true
l_d_2:true
l_u_0:true
l_u_1:false
m:0
m_prev:2
r_c_0:true
r_c_1:true
r_c_2:false
r_d_1:false
r_d_2:false
r_u_0:false
r_u_1:false
s_c_0:false
s_c_1:false
s_c_2:true
s_d_1:true
s_d_2:true
s_u_0:true
s_u_1:false


[17].@L0
a_c_0:true
a_c_1:true
a_c_2:true
a_d_1:true
a_d_2:true
a_u_0:true
a_u_1:false
f:0
f_sw_d:0
f_sw_u:0
h_0:true
h_1:false
h_2:false
l_c_0:false
l_c_1:true
l_c_2:true
l_d_1:true
l_d_2:true
l_u_0:false
l_u_1:false
m:0
m_prev:2
r_c_0:true
r_c_1:true
r_c_2:false
r_d_1:false
r_d_2:false
r_u_0:false
r_u_1:false
s_c_0:false
s_c_1:false
s_c_2:true
s_d_1:true
s_d_2:true
s_u_0:false
s_u_1:false


