Trace for Lift3
[Time Stamp]:13:31:00, Jan-01-2026
[Location]:./l3_stc.cyclone
[States]:9 
D L0 L1 L2 MoveDown MoveUp SetIdle SetMotionDown SetMotionUp 
[Trans]:17
[Start State]:D
[Final State(s)]:D 
[Trace Length]:26

[Goal]:
assert ((&& (&& (&& (&& (&& (&& (&& (&& (== initial(f),1)->bool,(== initial(m),U)->bool)->bool,(! initial(l_c_0))->bool)->bool,(! initial(l_c_1))->bool)->bool,(! initial(l_c_2))->bool)->bool,initial(l_u_0))->bool,(! initial(l_u_1))->bool)->bool,(! initial(l_d_1))->bool)->bool,(! initial(l_d_2))->bool)->bool)

[Mode]:Enumeration  - [26]



========TRACE (0)========
[1].@D
f:1
f_sw_d:1
f_sw_u:1
h_0:false
h_1:false
h_2:false
l_c_0:false
l_c_1:false
l_c_2:false
l_d_1:false
l_d_2:false
l_u_0:true
l_u_1:false
m:0
m_prev:0


[2].@SetMotionDown
f:1
f_sw_d:1
f_sw_u:1
h_0:false
h_1:false
h_2:false
l_c_0:false
l_c_1:false
l_c_2:false
l_d_1:false
l_d_2:false
l_u_0:true
l_u_1:false
m:1
m_prev:0


[3].@D
f:1
f_sw_d:1
f_sw_u:1
h_0:false
h_1:false
h_2:false
l_c_0:false
l_c_1:false
l_c_2:false
l_d_1:false
l_d_2:false
l_u_0:true
l_u_1:false
m:1
m_prev:0


[4].@MoveDown
f:0
f_sw_d:1
f_sw_u:1
h_0:false
h_1:false
h_2:false
l_c_0:false
l_c_1:false
l_c_2:false
l_d_1:false
l_d_2:false
l_u_0:true
l_u_1:false
m:1
m_prev:0


[5].@D
f:0
f_sw_d:1
f_sw_u:1
h_0:false
h_1:false
h_2:false
l_c_0:false
l_c_1:false
l_c_2:false
l_d_1:false
l_d_2:false
l_u_0:true
l_u_1:false
m:1
m_prev:0


[6].@SetMotionUp
f:0
f_sw_d:1
f_sw_u:0
h_0:false
h_1:false
h_2:false
l_c_0:false
l_c_1:false
l_c_2:false
l_d_1:false
l_d_2:false
l_u_0:true
l_u_1:false
m:0
m_prev:1


[7].@D
f:0
f_sw_d:1
f_sw_u:0
h_0:false
h_1:false
h_2:false
l_c_0:false
l_c_1:false
l_c_2:false
l_d_1:false
l_d_2:false
l_u_0:true
l_u_1:false
m:0
m_prev:1


[8].@L0
f:0
f_sw_d:1
f_sw_u:0
h_0:true
h_1:false
h_2:false
l_c_0:false
l_c_1:false
l_c_2:false
l_d_1:false
l_d_2:false
l_u_0:false
l_u_1:false
m:0
m_prev:1


[9].@D
f:0
f_sw_d:1
f_sw_u:0
h_0:true
h_1:false
h_2:false
l_c_0:false
l_c_1:false
l_c_2:false
l_d_1:false
l_d_2:false
l_u_0:false
l_u_1:false
m:0
m_prev:1


[10].@SetIdle
f:0
f_sw_d:0
f_sw_u:0
h_0:true
h_1:false
h_2:false
l_c_0:false
l_c_1:false
l_c_2:false
l_d_1:false
l_d_2:false
l_u_0:false
l_u_1:false
m:2
m_prev:0


[11].@D
f:0
f_sw_d:0
f_sw_u:0
h_0:true
h_1:false
h_2:false
l_c_0:false
l_c_1:false
l_c_2:false
l_d_1:false
l_d_2:false
l_u_0:false
l_u_1:false
m:2
m_prev:0


[12].@D
f:0
f_sw_d:0
f_sw_u:0
h_0:true
h_1:false
h_2:false
l_c_0:false
l_c_1:false
l_c_2:false
l_d_1:false
l_d_2:false
l_u_0:false
l_u_1:false
m:2
m_prev:0


[13].@D
f:0
f_sw_d:0
f_sw_u:0
h_0:true
h_1:false
h_2:false
l_c_0:false
l_c_1:false
l_c_2:false
l_d_1:false
l_d_2:false
l_u_0:false
l_u_1:false
m:2
m_prev:0


[14].@D
f:0
f_sw_d:0
f_sw_u:0
h_0:true
h_1:false
h_2:false
l_c_0:false
l_c_1:false
l_c_2:false
l_d_1:false
l_d_2:false
l_u_0:false
l_u_1:false
m:2
m_prev:0


[15].@D
f:0
f_sw_d:0
f_sw_u:0
h_0:true
h_1:false
h_2:false
l_c_0:false
l_c_1:false
l_c_2:false
l_d_1:false
l_d_2:false
l_u_0:false
l_u_1:false
m:2
m_prev:0


[16].@D
f:0
f_sw_d:0
f_sw_u:0
h_0:true
h_1:false
h_2:false
l_c_0:false
l_c_1:false
l_c_2:false
l_d_1:false
l_d_2:false
l_u_0:false
l_u_1:false
m:2
m_prev:0


[17].@D
f:0
f_sw_d:0
f_sw_u:0
h_0:true
h_1:false
h_2:false
l_c_0:false
l_c_1:false
l_c_2:false
l_d_1:false
l_d_2:false
l_u_0:false
l_u_1:false
m:2
m_prev:0


[18].@D
f:0
f_sw_d:0
f_sw_u:0
h_0:true
h_1:false
h_2:false
l_c_0:false
l_c_1:false
l_c_2:false
l_d_1:false
l_d_2:false
l_u_0:false
l_u_1:false
m:2
m_prev:0


[19].@D
f:0
f_sw_d:0
f_sw_u:0
h_0:true
h_1:false
h_2:false
l_c_0:false
l_c_1:false
l_c_2:false
l_d_1:false
l_d_2:false
l_u_0:false
l_u_1:false
m:2
m_prev:0


[20].@D
f:0
f_sw_d:0
f_sw_u:0
h_0:true
h_1:false
h_2:false
l_c_0:false
l_c_1:false
l_c_2:false
l_d_1:false
l_d_2:false
l_u_0:false
l_u_1:false
m:2
m_prev:0


[21].@D
f:0
f_sw_d:0
f_sw_u:0
h_0:true
h_1:false
h_2:false
l_c_0:false
l_c_1:false
l_c_2:false
l_d_1:false
l_d_2:false
l_u_0:false
l_u_1:false
m:2
m_prev:0


[22].@D
f:0
f_sw_d:0
f_sw_u:0
h_0:true
h_1:false
h_2:false
l_c_0:false
l_c_1:false
l_c_2:false
l_d_1:false
l_d_2:false
l_u_0:false
l_u_1:false
m:2
m_prev:0


[23].@D
f:0
f_sw_d:0
f_sw_u:0
h_0:true
h_1:false
h_2:false
l_c_0:false
l_c_1:false
l_c_2:false
l_d_1:false
l_d_2:false
l_u_0:false
l_u_1:false
m:2
m_prev:0


[24].@D
f:0
f_sw_d:0
f_sw_u:0
h_0:true
h_1:false
h_2:false
l_c_0:false
l_c_1:false
l_c_2:false
l_d_1:false
l_d_2:false
l_u_0:false
l_u_1:false
m:2
m_prev:0


[25].@D
f:0
f_sw_d:0
f_sw_u:0
h_0:true
h_1:false
h_2:false
l_c_0:false
l_c_1:false
l_c_2:false
l_d_1:false
l_d_2:false
l_u_0:false
l_u_1:false
m:2
m_prev:0


[26].@D
f:0
f_sw_d:0
f_sw_u:0
h_0:true
h_1:false
h_2:false
l_c_0:false
l_c_1:false
l_c_2:false
l_d_1:false
l_d_2:false
l_u_0:false
l_u_1:false
m:2
m_prev:0


[27].@D
f:0
f_sw_d:0
f_sw_u:0
h_0:true
h_1:false
h_2:false
l_c_0:false
l_c_1:false
l_c_2:false
l_d_1:false
l_d_2:false
l_u_0:false
l_u_1:false
m:2
m_prev:0


